<html>
<body>
<pre>
<h1>礦ision Build Log</h1>
<h2>Project:</h2>
E:\力天宏威\工作项目\RAK43X 项目\RAK413示例源码\RAK413_UART_TEST V1.0.2\RAK413_UART_TEST V1.0.2\RAK413_UART_TEST.uvproj
Project File Date:  11/27/2014

<h2>Output:</h2>
Build target 'RAK413_UART_TEST'
compiling USER_APP_Task.c...
Source\USER_APP_Task.c(28): warning:  #177-D: variable "len" was declared but never referenced
compiling BSP_Driver.c...
compiling BSP_Init.c...
compiling RAK_WIFI_Driver.c...
compiling core_cm0.c...
compiling system_M051Series.c...
compiling retarget.c...
assembling startup_M051Series.s...
compiling rak_config_init.c...
compiling rak_connect_ap.c...
compiling rak_creat_apadhoc.c...
compiling rak_open_socket.c...
compiling rak_query_con_status.c...
compiling rak_query_dns.c...
compiling rak_query_fwversion.c...
compiling rak_query_ipconfig.c...
compiling rak_query_rssi.c...
compiling rak_scan_ap.c...
compiling rak_send_data.c...
compiling rak_set_channel.c...
compiling rak_set_ipdhcp.c...
compiling rak_set_ipstatic.c...
compiling rak_set_psk.c...
compiling rak_set_pwrmode.c...
compiling rak_easyconfig.c...
compiling rak_storeconfig.c...
compiling rak_get_storeconfig.c...
compiling rak_set_webconfig.c...
compiling rak_start_webconfig.c...
compiling rak_start_autoconnect.c...
compiling rak_wake_up.c...
compiling rak_wps.c...
compiling rak_get_scanaps.c...
compiling rak_close_socket.c...
compiling rak_ltcp_status.c...
compiling rak_http_get.c...
compiling rak_http_post.c...
linking...
.\output\RAK413_UART_TEST.axf: Warning: L6305W: Image does not have an entry point. (Not specified or not set due to multiple choices.)
Program Size: Code=6316 RO-data=528 RW-data=36 ZI-data=1948  
".\output\RAK413_UART_TEST.axf" - 0 Error(s), 2 Warning(s).
compiling rak_get_scanaps.c...
..\RAK_Driver\rak_get_scanaps.c - 0 Error(s), 0 Warning(s).
Build target 'RAK413_UART_TEST'
linking...
.\output\RAK413_UART_TEST.axf: Warning: L6305W: Image does not have an entry point. (Not specified or not set due to multiple choices.)
Program Size: Code=6316 RO-data=528 RW-data=36 ZI-data=1948  
".\output\RAK413_UART_TEST.axf" - 0 Error(s), 1 Warning(s).
compiling rak_http_get.c...
..\RAK_Driver\rak_http_get.c - 0 Error(s), 0 Warning(s).
Build target 'RAK413_UART_TEST'
linking...
.\output\RAK413_UART_TEST.axf: Warning: L6305W: Image does not have an entry point. (Not specified or not set due to multiple choices.)
Program Size: Code=6316 RO-data=528 RW-data=36 ZI-data=1948  
".\output\RAK413_UART_TEST.axf" - 0 Error(s), 1 Warning(s).
compiling rak_http_post.c...
..\RAK_Driver\rak_http_post.c - 0 Error(s), 0 Warning(s).
Build target 'RAK413_UART_TEST'
linking...
.\output\RAK413_UART_TEST.axf: Warning: L6305W: Image does not have an entry point. (Not specified or not set due to multiple choices.)
Program Size: Code=6316 RO-data=528 RW-data=36 ZI-data=1948  
".\output\RAK413_UART_TEST.axf" - 0 Error(s), 1 Warning(s).
compiling rak_ltcp_status.c...
..\RAK_Driver\rak_ltcp_status.c - 0 Error(s), 0 Warning(s).
compiling rak_close_socket.c...
..\RAK_Driver\rak_close_socket.c - 0 Error(s), 0 Warning(s).
Build target 'RAK413_UART_TEST'
linking...
.\output\RAK413_UART_TEST.axf: Warning: L6305W: Image does not have an entry point. (Not specified or not set due to multiple choices.)
Program Size: Code=6316 RO-data=528 RW-data=36 ZI-data=1948  
".\output\RAK413_UART_TEST.axf" - 0 Error(s), 1 Warning(s).
Build target 'RAK413_UART_TEST'
compiling USER_APP_Task.c...
Source\USER_APP_Task.c(28): warning:  #177-D: variable "len" was declared but never referenced
compiling BSP_Driver.c...
compiling BSP_Init.c...
compiling RAK_WIFI_Driver.c...
compiling core_cm0.c...
compiling system_M051Series.c...
compiling retarget.c...
assembling startup_M051Series.s...
compiling rak_config_init.c...
compiling rak_connect_ap.c...
compiling rak_creat_apadhoc.c...
compiling rak_open_socket.c...
compiling rak_query_con_status.c...
compiling rak_query_dns.c...
compiling rak_query_fwversion.c...
compiling rak_query_ipconfig.c...
compiling rak_query_rssi.c...
compiling rak_scan_ap.c...
compiling rak_send_data.c...
compiling rak_set_channel.c...
compiling rak_set_ipdhcp.c...
compiling rak_set_ipstatic.c...
compiling rak_set_psk.c...
compiling rak_set_pwrmode.c...
compiling rak_easyconfig.c...
compiling rak_storeconfig.c...
compiling rak_get_storeconfig.c...
compiling rak_set_webconfig.c...
compiling rak_start_webconfig.c...
compiling rak_start_autoconnect.c...
compiling rak_wake_up.c...
compiling rak_wps.c...
compiling rak_get_scanaps.c...
compiling rak_close_socket.c...
compiling rak_ltcp_status.c...
compiling rak_http_get.c...
compiling rak_http_post.c...
linking...
.\output\RAK413_UART_TEST.axf: Warning: L6305W: Image does not have an entry point. (Not specified or not set due to multiple choices.)
Program Size: Code=6316 RO-data=528 RW-data=36 ZI-data=1948  
".\output\RAK413_UART_TEST.axf" - 0 Error(s), 2 Warning(s).
Build target 'RAK413_UART_TEST'
compiling USER_APP_Task.c...
Source\USER_APP_Task.c(28): warning:  #177-D: variable "len" was declared but never referenced
compiling BSP_Driver.c...
compiling BSP_Init.c...
compiling RAK_WIFI_Driver.c...
compiling core_cm0.c...
compiling system_M051Series.c...
compiling retarget.c...
assembling startup_M051Series.s...
compiling rak_config_init.c...
compiling rak_connect_ap.c...
compiling rak_creat_apadhoc.c...
compiling rak_open_socket.c...
compiling rak_query_con_status.c...
compiling rak_query_dns.c...
compiling rak_query_fwversion.c...
compiling rak_query_ipconfig.c...
compiling rak_query_rssi.c...
compiling rak_scan_ap.c...
compiling rak_send_data.c...
compiling rak_set_channel.c...
compiling rak_set_ipdhcp.c...
compiling rak_set_ipstatic.c...
compiling rak_set_psk.c...
compiling rak_set_pwrmode.c...
compiling rak_easyconfig.c...
compiling rak_storeconfig.c...
compiling rak_get_storeconfig.c...
compiling rak_set_webconfig.c...
compiling rak_start_webconfig.c...
compiling rak_start_autoconnect.c...
compiling rak_wake_up.c...
compiling rak_wps.c...
compiling rak_get_scanaps.c...
compiling rak_close_socket.c...
compiling rak_ltcp_status.c...
compiling rak_http_get.c...
compiling rak_http_post.c...
linking...
.\output\RAK413_UART_TEST.axf: Warning: L6305W: Image does not have an entry point. (Not specified or not set due to multiple choices.)
Program Size: Code=6316 RO-data=528 RW-data=36 ZI-data=1948  
".\output\RAK413_UART_TEST.axf" - 0 Error(s), 2 Warning(s).
Build target 'RAK413_UART_TEST'
compiling USER_APP_Task.c...
Source\USER_APP_Task.c(28): warning:  #177-D: variable "len" was declared but never referenced
compiling BSP_Driver.c...
compiling BSP_Init.c...
compiling RAK_WIFI_Driver.c...
compiling core_cm0.c...
compiling system_M051Series.c...
compiling retarget.c...
assembling startup_M051Series.s...
compiling rak_config_init.c...
compiling rak_connect_ap.c...
compiling rak_creat_apadhoc.c...
compiling rak_open_socket.c...
compiling rak_query_con_status.c...
compiling rak_query_dns.c...
compiling rak_query_fwversion.c...
compiling rak_query_ipconfig.c...
compiling rak_query_rssi.c...
compiling rak_scan_ap.c...
compiling rak_send_data.c...
compiling rak_set_channel.c...
compiling rak_set_ipdhcp.c...
compiling rak_set_ipstatic.c...
compiling rak_set_psk.c...
compiling rak_set_pwrmode.c...
compiling rak_easyconfig.c...
compiling rak_storeconfig.c...
compiling rak_get_storeconfig.c...
compiling rak_set_webconfig.c...
compiling rak_start_webconfig.c...
compiling rak_start_autoconnect.c...
compiling rak_wake_up.c...
compiling rak_wps.c...
compiling rak_get_scanaps.c...
compiling rak_close_socket.c...
compiling rak_ltcp_status.c...
compiling rak_http_get.c...
compiling rak_http_post.c...
linking...
.\output\RAK413_UART_TEST.axf: Warning: L6305W: Image does not have an entry point. (Not specified or not set due to multiple choices.)
Program Size: Code=6316 RO-data=528 RW-data=36 ZI-data=1948  
".\output\RAK413_UART_TEST.axf" - 0 Error(s), 2 Warning(s).
Build target 'RAK413_UART_TEST'
compiling USER_APP_Task.c...
Source\USER_APP_Task.c(28): warning:  #177-D: variable "len" was declared but never referenced
compiling BSP_Driver.c...
compiling BSP_Init.c...
compiling RAK_WIFI_Driver.c...
compiling core_cm0.c...
compiling system_M051Series.c...
compiling retarget.c...
assembling startup_M051Series.s...
compiling rak_config_init.c...
compiling rak_connect_ap.c...
compiling rak_creat_apadhoc.c...
compiling rak_open_socket.c...
compiling rak_query_con_status.c...
compiling rak_query_dns.c...
compiling rak_query_fwversion.c...
compiling rak_query_ipconfig.c...
compiling rak_query_rssi.c...
compiling rak_scan_ap.c...
compiling rak_send_data.c...
compiling rak_set_channel.c...
compiling rak_set_ipdhcp.c...
compiling rak_set_ipstatic.c...
compiling rak_set_psk.c...
compiling rak_set_pwrmode.c...
compiling rak_easyconfig.c...
compiling rak_storeconfig.c...
compiling rak_get_storeconfig.c...
compiling rak_set_webconfig.c...
compiling rak_start_webconfig.c...
compiling rak_start_autoconnect.c...
compiling rak_wake_up.c...
compiling rak_wps.c...
compiling rak_get_scanaps.c...
compiling rak_close_socket.c...
compiling rak_ltcp_status.c...
compiling rak_http_get.c...
compiling rak_http_post.c...
linking...
.\output\RAK413_UART_TEST.axf: Warning: L6305W: Image does not have an entry point. (Not specified or not set due to multiple choices.)
Program Size: Code=6316 RO-data=528 RW-data=36 ZI-data=1948  
".\output\RAK413_UART_TEST.axf" - 0 Error(s), 2 Warning(s).
