<html>
<body>
<pre>
<h1>礦ision Build Log</h1>
<h2>Project:</h2>
E:\工作项目\RAK411 项目\RAK413_UART_TEST V1.0.1\RAK413_UART_TEST V1.0.1\RAK410_UART_TEST.uvproj
Project File Date:  09/05/2013

<h2>Output:</h2>
compiling USER_APP_Task.c...
Source\USER_APP_Task.c(27): warning:  #177-D: variable "len" was declared but never referenced
Source\USER_APP_Task.c - 0 Error(s), 1 Warning(s).
Build target 'RAK413_UART_TEST'
compiling USER_APP_Task.c...
Source\USER_APP_Task.c(27): warning:  #177-D: variable "len" was declared but never referenced
compiling BSP_Driver.c...
compiling BSP_Init.c...
compiling RAK_WIFI_Driver.c...
compiling core_cm0.c...
compiling system_M051Series.c...
compiling retarget.c...
assembling startup_M051Series.s...
compiling rak_config_init.c...
compiling rak_connect_ap.c...
compiling rak_creat_apadhoc.c...
compiling rak_open_socket.c...
compiling rak_query_con_status.c...
compiling rak_query_dns.c...
compiling rak_query_fwversion.c...
compiling rak_query_ipconfig.c...
compiling rak_query_rssi.c...
compiling rak_scan_ap.c...
compiling rak_send_data.c...
compiling rak_set_channel.c...
compiling rak_set_ipdhcp.c...
compiling rak_set_ipstatic.c...
compiling rak_set_psk.c...
compiling rak_set_pwrmode.c...
linking...
.\output\RAK410_UART_TEST.axf: Warning: L6305W: Image does not have an entry point. (Not specified or not set due to multiple choices.)
Program Size: Code=6468 RO-data=528 RW-data=36 ZI-data=3228  
".\output\RAK410_UART_TEST.axf" - 0 Error(s), 2 Warning(s).
Build target 'RAK413_UART_TEST'
compiling USER_APP_Task.c...
Source\USER_APP_Task.c(27): warning:  #177-D: variable "len" was declared but never referenced
compiling BSP_Driver.c...
compiling BSP_Init.c...
compiling RAK_WIFI_Driver.c...
compiling core_cm0.c...
compiling system_M051Series.c...
compiling retarget.c...
assembling startup_M051Series.s...
compiling rak_config_init.c...
compiling rak_connect_ap.c...
compiling rak_creat_apadhoc.c...
compiling rak_open_socket.c...
compiling rak_query_con_status.c...
compiling rak_query_dns.c...
compiling rak_query_fwversion.c...
compiling rak_query_ipconfig.c...
compiling rak_query_rssi.c...
compiling rak_scan_ap.c...
compiling rak_send_data.c...
compiling rak_set_channel.c...
compiling rak_set_ipdhcp.c...
compiling rak_set_ipstatic.c...
compiling rak_set_psk.c...
compiling rak_set_pwrmode.c...
linking...
.\output\RAK410_UART_TEST.axf: Warning: L6305W: Image does not have an entry point. (Not specified or not set due to multiple choices.)
Program Size: Code=6468 RO-data=528 RW-data=36 ZI-data=3228  
".\output\RAK410_UART_TEST.axf" - 0 Error(s), 2 Warning(s).
Build target 'RAK413_UART_TEST'
compiling USER_APP_Task.c...
Source\USER_APP_Task.c(27): warning:  #177-D: variable "len" was declared but never referenced
compiling BSP_Driver.c...
compiling BSP_Init.c...
compiling RAK_WIFI_Driver.c...
compiling core_cm0.c...
compiling system_M051Series.c...
compiling retarget.c...
assembling startup_M051Series.s...
compiling rak_config_init.c...
compiling rak_connect_ap.c...
compiling rak_creat_apadhoc.c...
compiling rak_open_socket.c...
compiling rak_query_con_status.c...
compiling rak_query_dns.c...
compiling rak_query_fwversion.c...
compiling rak_query_ipconfig.c...
compiling rak_query_rssi.c...
compiling rak_scan_ap.c...
compiling rak_send_data.c...
compiling rak_set_channel.c...
compiling rak_set_ipdhcp.c...
compiling rak_set_ipstatic.c...
compiling rak_set_psk.c...
compiling rak_set_pwrmode.c...
linking...
.\output\RAK413_UART_TEST.axf: Warning: L6305W: Image does not have an entry point. (Not specified or not set due to multiple choices.)
Program Size: Code=6468 RO-data=528 RW-data=36 ZI-data=3228  
".\output\RAK413_UART_TEST.axf" - 0 Error(s), 2 Warning(s).
Build target 'RAK413_UART_TEST'
compiling USER_APP_Task.c...
Source\USER_APP_Task.c(27): warning:  #177-D: variable "len" was declared but never referenced
compiling BSP_Driver.c...
compiling BSP_Init.c...
compiling RAK_WIFI_Driver.c...
compiling core_cm0.c...
compiling system_M051Series.c...
compiling retarget.c...
assembling startup_M051Series.s...
compiling rak_config_init.c...
compiling rak_connect_ap.c...
compiling rak_creat_apadhoc.c...
compiling rak_open_socket.c...
compiling rak_query_con_status.c...
compiling rak_query_dns.c...
compiling rak_query_fwversion.c...
compiling rak_query_ipconfig.c...
compiling rak_query_rssi.c...
compiling rak_scan_ap.c...
compiling rak_send_data.c...
compiling rak_set_channel.c...
compiling rak_set_ipdhcp.c...
compiling rak_set_ipstatic.c...
compiling rak_set_psk.c...
compiling rak_set_pwrmode.c...
linking...
.\output\RAK413_UART_TEST.axf: Warning: L6305W: Image does not have an entry point. (Not specified or not set due to multiple choices.)
Program Size: Code=6368 RO-data=528 RW-data=36 ZI-data=3228  
".\output\RAK413_UART_TEST.axf" - 0 Error(s), 2 Warning(s).
